\BOOKMARK [0][-]{chapter*.1}{\376\377\004\020\004\075\004\075\004\076\004\102\004\060\004\106\004\070\004\117}{}% 1
\BOOKMARK [0][-]{chapter*.2}{\376\377\000A\000b\000s\000t\000r\000a\000c\000t}{}% 2
\BOOKMARK [0][-]{chapter.1}{\376\377\004\022\004\062\004\065\004\064\004\065\004\075\004\070\004\065}{}% 3
\BOOKMARK [1][-]{section.1.1}{\376\377\004\020\004\072\004\102\004\103\004\060\004\073\004\114\004\075\004\076\004\101\004\102\004\114\000\040\004\102\004\065\004\074\004\113\000\040\004\070\004\101\004\101\004\073\004\065\004\064\004\076\004\062\004\060\004\075\004\070\004\117}{chapter.1}% 4
\BOOKMARK [1][-]{section.1.2}{\376\377\004\046\004\065\004\073\004\114\000\040\004\070\000\040\004\067\004\060\004\064\004\060\004\107\004\070\000\040\004\070\004\101\004\101\004\073\004\065\004\064\004\076\004\062\004\060\004\075\004\070\004\117}{chapter.1}% 5
\BOOKMARK [1][-]{section.1.3}{\376\377\004\035\004\060\004\103\004\107\004\075\004\060\004\117\000\040\004\075\004\076\004\062\004\070\004\067\004\075\004\060}{chapter.1}% 6
\BOOKMARK [1][-]{section.1.4}{\376\377\004\037\004\100\004\060\004\072\004\102\004\070\004\107\004\065\004\101\004\072\004\060\004\117\000\040\004\067\004\075\004\060\004\107\004\070\004\074\004\076\004\101\004\102\004\114}{chapter.1}% 7
\BOOKMARK [1][-]{section.1.5}{\376\377\004\037\004\076\004\073\004\076\004\066\004\065\004\075\004\070\004\117\000,\000\040\004\062\004\113\004\075\004\076\004\101\004\070\004\074\004\113\004\065\000\040\004\075\004\060\000\040\004\067\004\060\004\111\004\070\004\102\004\103}{chapter.1}% 8
\BOOKMARK [1][-]{section.1.6}{\376\377\004\020\004\077\004\100\004\076\004\061\004\060\004\106\004\070\004\117\000\040\004\100\004\060\004\061\004\076\004\102\004\113}{chapter.1}% 9
\BOOKMARK [1][-]{section.1.7}{\376\377\004\041\004\102\004\100\004\103\004\072\004\102\004\103\004\100\004\060\000\040\004\064\004\070\004\101\004\101\004\065\004\100\004\102\004\060\004\106\004\070\004\070}{chapter.1}% 10
\BOOKMARK [0][-]{chapter.2}{\376\377\004\036\004\061\004\067\004\076\004\100\000\040\004\073\004\070\004\102\004\065\004\100\004\060\004\102\004\103\004\100\004\113}{}% 11
\BOOKMARK [1][-]{section.2.1}{\376\377\004\035\004\060\004\103\004\072\004\076\004\074\004\065\004\102\004\100\004\070\004\107\004\065\004\101\004\072\004\070\004\065\000\040\004\101\004\070\004\101\004\102\004\065\004\074\004\113}{chapter.2}% 12
\BOOKMARK [2][-]{subsection.2.1.1}{\376\377\004\034\004\065\004\066\004\064\004\103\004\075\004\060\004\100\004\076\004\064\004\075\004\113\004\065\000\040\004\101\004\070\004\101\004\102\004\065\004\074\004\113}{section.2.1}% 13
\BOOKMARK [2][-]{subsection.2.1.2}{\376\377\004\035\004\060\004\106\004\070\004\076\004\075\004\060\004\073\004\114\004\075\004\113\004\065\000\040\004\101\004\070\004\101\004\102\004\065\004\074\004\113}{section.2.1}% 14
\BOOKMARK [1][-]{section.2.2}{\376\377\004\037\004\100\004\076\004\061\004\073\004\065\004\074\004\060\000\040\004\076\004\061\004\100\004\060\004\061\004\076\004\102\004\072\004\070\000\040\004\074\004\075\004\076\004\063\004\076\004\117\004\067\004\113\004\107\004\075\004\113\004\105\000\040\004\070\004\074\004\065\004\075}{chapter.2}% 15
\BOOKMARK [2][-]{subsection.2.2.1}{\376\377\004\032\004\070\004\102\004\060\004\071\004\101\004\072\004\070\004\065\000\040\004\070\004\074\004\065\004\075\004\060\000\040\004\062\000\040\004\075\004\060\004\103\004\107\004\075\004\113\004\105\000\040\004\077\004\103\004\061\004\073\004\070\004\072\004\060\004\106\004\070\004\117\004\105}{section.2.2}% 16
\BOOKMARK [2][-]{subsection.2.2.2}{\376\377\004\034\004\065\004\102\004\076\004\064\004\113\000\040\004\102\004\100\004\060\004\075\004\101\004\073\004\070\004\102\004\065\004\100\004\060\004\106\004\070\004\070\000\040\004\070\000\040\004\100\004\076\004\074\004\060\004\075\004\070\004\067\004\060\004\106\004\070\004\070}{section.2.2}% 17
\BOOKMARK [1][-]{section.2.3}{\376\377\004\020\004\073\004\063\004\076\004\100\004\070\004\102\004\074\004\113\000\040\004\062\004\065\004\100\004\070\004\104\004\070\004\072\004\060\004\106\004\070\004\070\000\040\004\064\004\060\004\075\004\075\004\113\004\105}{chapter.2}% 18
\BOOKMARK [2][-]{subsection.2.3.1}{\376\377\004\037\004\100\004\060\004\062\004\070\004\073\004\076\004\062\004\113\004\065\000\040\004\101\004\070\004\101\004\102\004\065\004\074\004\113}{section.2.3}% 19
\BOOKMARK [2][-]{subsection.2.3.2}{\376\377\004\034\004\060\004\110\004\070\004\075\004\075\004\076\004\065\000\040\004\076\004\061\004\103\004\107\004\065\004\075\004\070\004\065}{section.2.3}% 20
\BOOKMARK [2][-]{subsection.2.3.3}{\376\377\004\023\004\070\004\061\004\100\004\070\004\064\004\075\004\113\004\065\000\040\004\077\004\076\004\064\004\105\004\076\004\064\004\113}{section.2.3}% 21
\BOOKMARK [1][-]{section.2.4}{\376\377\004\030\004\075\004\102\004\065\004\100\004\077\004\100\004\065\004\102\004\070\004\100\004\103\004\065\004\074\004\076\004\101\004\102\004\114\000\040\004\101\004\070\004\101\004\102\004\065\004\074\000\040\004\077\004\100\004\070\004\075\004\117\004\102\004\070\004\117\000\040\004\100\004\065\004\110\004\065\004\075\004\070\004\071}{chapter.2}% 22
\BOOKMARK [1][-]{section.2.5}{\376\377\004\027\004\060\004\111\004\070\004\102\004\060\000\040\004\077\004\065\004\100\004\101\004\076\004\075\004\060\004\073\004\114\004\075\004\113\004\105\000\040\004\064\004\060\004\075\004\075\004\113\004\105}{chapter.2}% 23
\BOOKMARK [2][-]{subsection.2.5.1}{\376\377\000G\000D\000P\000R\000\040\004\070\000\040\004\044\004\027\000-\0001\0005\0002}{section.2.5}% 24
\BOOKMARK [1][-]{section.2.6}{\376\377\004\022\004\113\004\062\004\076\004\064\004\113}{chapter.2}% 25
\BOOKMARK [0][-]{chapter.3}{\376\377\004\034\004\065\004\102\004\076\004\064\004\076\004\073\004\076\004\063\004\070\004\117}{}% 26
\BOOKMARK [1][-]{section.3.1}{\376\377\004\036\004\061\004\111\004\060\004\117\000\040\004\060\004\100\004\105\004\070\004\102\004\065\004\072\004\102\004\103\004\100\004\060\000\040\004\101\004\070\004\101\004\102\004\065\004\074\004\113}{chapter.3}% 27
\BOOKMARK [2][-]{subsection.3.1.1}{\376\377\004\022\004\105\004\076\004\064\004\075\004\113\004\065\000\040\004\064\004\060\004\075\004\075\004\113\004\065}{section.3.1}% 28
\BOOKMARK [2][-]{subsection.3.1.2}{\376\377\004\022\004\113\004\105\004\076\004\064\004\075\004\113\004\065\000\040\004\064\004\060\004\075\004\075\004\113\004\065}{section.3.1}% 29
\BOOKMARK [1][-]{section.3.2}{\376\377\004\034\004\103\004\073\004\114\004\102\004\070\004\074\004\076\004\064\004\103\004\073\004\114\004\075\004\113\004\071\000\040\004\060\004\073\004\063\004\076\004\100\004\070\004\102\004\074\000\040\004\062\004\065\004\100\004\070\004\104\004\070\004\072\004\060\004\106\004\070\004\070}{chapter.3}% 30
\BOOKMARK [2][-]{subsection.3.2.1}{\376\377\004\034\004\076\004\064\004\103\004\073\004\114\000\040\0000\000:\000\040\004\037\004\100\004\065\004\064\004\076\004\061\004\100\004\060\004\061\004\076\004\102\004\072\004\060}{section.3.2}% 31
\BOOKMARK [2][-]{subsection.3.2.2}{\376\377\004\034\004\076\004\064\004\103\004\073\004\114\000\040\0001\000:\000\040\004\033\004\070\004\075\004\063\004\062\004\070\004\101\004\102\004\070\004\107\004\065\004\101\004\072\004\070\004\071\000\040\004\060\004\075\004\060\004\073\004\070\004\067}{section.3.2}% 32
\BOOKMARK [2][-]{subsection.3.2.3}{\376\377\004\034\004\076\004\064\004\103\004\073\004\114\000\040\0002\000:\000\040\004\041\004\102\004\060\004\102\004\070\004\101\004\102\004\070\004\107\004\065\004\101\004\072\004\070\004\071\000\040\004\060\004\075\004\060\004\073\004\070\004\067}{section.3.2}% 33
\BOOKMARK [2][-]{subsection.3.2.4}{\376\377\004\034\004\076\004\064\004\103\004\073\004\114\000\040\0003\000:\000\040\004\032\004\076\004\075\004\102\004\065\004\072\004\101\004\102\004\075\004\113\004\071\000\040\004\060\004\075\004\060\004\073\004\070\004\067}{section.3.2}% 34
\BOOKMARK [2][-]{subsection.3.2.5}{\376\377\004\034\004\076\004\064\004\103\004\073\004\114\000\040\0004\000:\000\040\000O\000R\000C\000I\000D\000-\004\062\004\065\004\100\004\070\004\104\004\070\004\072\004\060\004\106\004\070\004\117}{section.3.2}% 35
\BOOKMARK [2][-]{subsection.3.2.6}{\376\377\004\034\004\076\004\064\004\103\004\073\004\114\000\040\0005\000:\000\040\004\030\004\075\004\102\004\065\004\063\004\100\004\060\004\106\004\070\004\117\000\040\004\100\004\065\004\110\004\065\004\075\004\070\004\071}{section.3.2}% 36
\BOOKMARK [1][-]{section.3.3}{\376\377\004\020\004\100\004\105\004\070\004\102\004\065\004\072\004\102\004\103\004\100\004\060\000\040\004\101\000\040\004\106\004\065\004\077\004\076\004\107\004\072\004\060\004\074\004\070\000\040\004\064\004\076\004\072\004\060\004\067\004\060\004\102\004\065\004\073\004\114\004\101\004\102\004\062}{chapter.3}% 37
\BOOKMARK [2][-]{subsection.3.3.1}{\376\377\004\041\004\102\004\100\004\103\004\072\004\102\004\103\004\100\004\060\000\040\004\064\004\076\004\072\004\060\004\067\004\060\004\102\004\065\004\073\004\114\004\101\004\102\004\062\004\060}{section.3.3}% 38
\BOOKMARK [2][-]{subsection.3.3.2}{\376\377\004\030\004\075\004\102\004\065\004\100\004\077\004\100\004\065\004\102\004\070\004\100\004\103\004\065\004\074\004\076\004\101\004\102\004\114}{section.3.3}% 39
\BOOKMARK [1][-]{section.3.4}{\376\377\004\034\004\065\004\105\004\060\004\075\004\070\004\067\004\074\000\040\004\100\004\065\004\064\004\060\004\072\004\106\004\070\004\070\000\040\004\077\004\065\004\100\004\101\004\076\004\075\004\060\004\073\004\114\004\075\004\113\004\105\000\040\004\064\004\060\004\075\004\075\004\113\004\105}{chapter.3}% 40
\BOOKMARK [2][-]{subsection.3.4.1}{\376\377\000S\000H\000A\000-\0002\0005\0006\000\040\004\105\004\065\004\110\004\070\004\100\004\076\004\062\004\060\004\075\004\070\004\065\000\040\004\101\000\040\004\101\004\076\004\073\004\114\004\116}{section.3.4}% 41
\BOOKMARK [2][-]{subsection.3.4.2}{\376\377\004\041\004\076\004\076\004\102\004\062\004\065\004\102\004\101\004\102\004\062\004\070\004\065\000\040\000G\000D\000P\000R\000\040\004\070\000\040\004\044\004\027\000-\0001\0005\0002}{section.3.4}% 42
\BOOKMARK [1][-]{section.3.5}{\376\377\004\022\004\113\004\062\004\076\004\064\004\113}{chapter.3}% 43
\BOOKMARK [0][-]{chapter.4}{\376\377\004\055\004\072\004\101\004\077\004\065\004\100\004\070\004\074\004\065\004\075\004\102\004\060\004\073\004\114\004\075\004\113\004\065\000\040\004\100\004\065\004\067\004\103\004\073\004\114\004\102\004\060\004\102\004\113}{}% 44
\BOOKMARK [1][-]{section.4.1}{\376\377\004\024\004\060\004\102\004\060\004\101\004\065\004\102\000\040\000C\000r\000o\000s\000s\000r\000e\000f\000\040\000E\000v\000i\000d\000e\000n\000c\000e\000\040\000C\000h\000a\000i\000n}{chapter.4}% 45
\BOOKMARK [2][-]{subsection.4.1.1}{\376\377\004\036\004\077\004\070\004\101\004\060\004\075\004\070\004\065\000\040\004\064\004\060\004\075\004\075\004\113\004\105}{section.4.1}% 46
\BOOKMARK [2][-]{subsection.4.1.2}{\376\377\004\040\004\060\004\067\004\074\004\065\004\102\004\072\004\060\000\040\000g\000r\000o\000u\000n\000d\000\040\000t\000r\000u\000t\000h}{section.4.1}% 47
\BOOKMARK [1][-]{section.4.2}{\376\377\004\034\004\065\004\102\004\100\004\070\004\072\004\070\000\040\004\076\004\106\004\065\004\075\004\072\004\070}{chapter.4}% 48
\BOOKMARK [2][-]{subsection.4.2.1}{\376\377\004\023\004\073\004\076\004\061\004\060\004\073\004\114\004\075\004\113\004\065\000\040\004\074\004\065\004\102\004\100\004\070\004\072\004\070}{section.4.2}% 49
\BOOKMARK [2][-]{subsection.4.2.2}{\376\377\004\043\004\101\004\073\004\076\004\062\004\075\004\113\004\065\000\040\004\074\004\065\004\102\004\100\004\070\004\072\004\070}{section.4.2}% 50
\BOOKMARK [1][-]{section.4.3}{\376\377\004\040\004\065\004\067\004\103\004\073\004\114\004\102\004\060\004\102\004\113\000\040\004\075\004\060\000\040\004\077\004\076\004\073\004\075\004\076\004\074\000\040\004\064\004\060\004\102\004\060\004\101\004\065\004\102\004\065}{chapter.4}% 51
\BOOKMARK [2][-]{subsection.4.3.1}{\376\377\004\042\004\076\004\107\004\075\004\076\004\101\004\102\004\114\000\040\000\050\000A\000c\000c\000u\000r\000a\000c\000y\000\051}{section.4.3}% 52
\BOOKMARK [2][-]{subsection.4.3.2}{\376\377\004\037\004\100\004\076\004\070\004\067\004\062\004\076\004\064\004\070\004\102\004\065\004\073\004\114\004\075\004\076\004\101\004\102\004\114}{section.4.3}% 53
\BOOKMARK [1][-]{section.4.4}{\376\377\004\020\004\061\004\073\004\060\004\106\004\070\004\076\004\075\004\075\004\076\004\065\000\040\004\070\004\101\004\101\004\073\004\065\004\064\004\076\004\062\004\060\004\075\004\070\004\065}{chapter.4}% 54
\BOOKMARK [2][-]{subsection.4.4.1}{\376\377\004\022\004\073\004\070\004\117\004\075\004\070\004\065\000\040\004\076\004\102\004\064\004\065\004\073\004\114\004\075\004\113\004\105\000\040\004\074\004\076\004\064\004\103\004\073\004\065\004\071}{section.4.4}% 55
\BOOKMARK [2][-]{subsection.4.4.2}{\376\377\004\032\004\076\004\074\004\061\004\070\004\075\004\060\004\106\004\070\004\070\000\040\004\074\004\076\004\064\004\103\004\073\004\065\004\071}{section.4.4}% 56
\BOOKMARK [1][-]{section.4.5}{\376\377\004\020\004\075\004\060\004\073\004\070\004\067\000\040\004\076\004\110\004\070\004\061\004\076\004\072}{chapter.4}% 57
\BOOKMARK [2][-]{subsection.4.5.1}{\376\377\004\033\004\076\004\066\004\075\004\076\004\077\004\076\004\073\004\076\004\066\004\070\004\102\004\065\004\073\004\114\004\075\004\113\004\065}{section.4.5}% 58
\BOOKMARK [2][-]{subsection.4.5.2}{\376\377\004\033\004\076\004\066\004\075\004\076\004\076\004\102\004\100\004\070\004\106\004\060\004\102\004\065\004\073\004\114\004\075\004\113\004\065}{section.4.5}% 59
\BOOKMARK [1][-]{section.4.6}{\376\377\004\022\004\113\004\062\004\076\004\064\004\113}{chapter.4}% 60
\BOOKMARK [0][-]{chapter.5}{\376\377\004\030\004\075\004\102\004\065\004\063\004\100\004\060\004\106\004\070\004\117\000\040\004\101\000\040\004\101\004\070\004\101\004\102\004\065\004\074\004\076\004\071\000\040\004\030\004\041\004\042\004\030\004\035\004\020}{}% 61
\BOOKMARK [1][-]{section.5.1}{\376\377\004\041\004\070\004\101\004\102\004\065\004\074\004\060\000\040\004\030\004\041\004\042\004\030\004\035\004\020\000\040\004\034\004\023\004\043}{chapter.5}% 62
\BOOKMARK [2][-]{subsection.5.1.1}{\376\377\004\020\004\100\004\105\004\070\004\102\004\065\004\072\004\102\004\103\004\100\004\060\000\040\004\101\004\070\004\101\004\102\004\065\004\074\004\113}{section.5.1}% 63
\BOOKMARK [2][-]{subsection.5.1.2}{\376\377\004\037\004\100\004\076\004\106\004\065\004\101\004\101\000\040\004\070\004\074\004\077\004\076\004\100\004\102\004\060\000\040\004\064\004\060\004\075\004\075\004\113\004\105}{section.5.1}% 64
\BOOKMARK [1][-]{section.5.2}{\376\377\004\037\004\070\004\073\004\076\004\102\004\075\004\076\004\065\000\040\004\062\004\075\004\065\004\064\004\100\004\065\004\075\004\070\004\065}{chapter.5}% 65
\BOOKMARK [2][-]{subsection.5.2.1}{\376\377\004\037\004\076\004\064\004\063\004\076\004\102\004\076\004\062\004\072\004\060\000\040\004\064\004\060\004\075\004\075\004\113\004\105}{section.5.2}% 66
\BOOKMARK [2][-]{subsection.5.2.2}{\376\377\004\032\004\076\004\075\004\104\004\070\004\063\004\103\004\100\004\060\004\106\004\070\004\117\000\040\004\060\004\073\004\063\004\076\004\100\004\070\004\102\004\074\004\060}{section.5.2}% 67
\BOOKMARK [1][-]{section.5.3}{\376\377\004\040\004\065\004\067\004\103\004\073\004\114\004\102\004\060\004\102\004\113\000\040\004\077\004\070\004\073\004\076\004\102\004\060}{chapter.5}% 68
\BOOKMARK [2][-]{subsection.5.3.1}{\376\377\004\032\004\060\004\107\004\065\004\101\004\102\004\062\004\076}{section.5.3}% 69
\BOOKMARK [2][-]{subsection.5.3.2}{\376\377\004\037\004\100\004\076\004\070\004\067\004\062\004\076\004\064\004\070\004\102\004\065\004\073\004\114\004\075\004\076\004\101\004\102\004\114}{section.5.3}% 70
\BOOKMARK [1][-]{section.5.4}{\376\377\004\037\004\100\004\076\004\074\004\113\004\110\004\073\004\065\004\075\004\075\004\060\004\117\000\040\004\115\004\072\004\101\004\077\004\073\004\103\004\060\004\102\004\060\004\106\004\070\004\117}{chapter.5}% 71
\BOOKMARK [2][-]{subsection.5.4.1}{\376\377\004\034\004\076\004\075\004\070\004\102\004\076\004\100\004\070\004\075\004\063\000\040\004\070\000\040\004\073\004\076\004\063\004\070\004\100\004\076\004\062\004\060\004\075\004\070\004\065}{section.5.4}% 72
\BOOKMARK [2][-]{subsection.5.4.2}{\376\377\004\036\004\061\004\100\004\060\004\102\004\075\004\060\004\117\000\040\004\101\004\062\004\117\004\067\004\114\000\040\004\076\004\102\000\040\004\077\004\076\004\073\004\114\004\067\004\076\004\062\004\060\004\102\004\065\004\073\004\065\004\071}{section.5.4}% 73
\BOOKMARK [1][-]{section.5.5}{\376\377\004\022\004\113\004\062\004\076\004\064\004\113}{chapter.5}% 74
\BOOKMARK [0][-]{chapter.6}{\376\377\004\036\004\061\004\101\004\103\004\066\004\064\004\065\004\075\004\070\004\065}{}% 75
\BOOKMARK [1][-]{section.6.1}{\376\377\004\041\004\100\004\060\004\062\004\075\004\065\004\075\004\070\004\065\000\040\004\101\000\040\004\101\004\103\004\111\004\065\004\101\004\102\004\062\004\103\004\116\004\111\004\070\004\074\004\070\000\040\004\074\004\065\004\102\004\076\004\064\004\060\004\074\004\070}{chapter.6}% 76
\BOOKMARK [2][-]{subsection.6.1.1}{\376\377\004\037\004\100\004\060\004\062\004\070\004\073\004\076\004\062\004\113\004\065\000\040\004\101\004\070\004\101\004\102\004\065\004\074\004\113}{section.6.1}% 77
\BOOKMARK [2][-]{subsection.6.1.2}{\376\377\004\034\004\060\004\110\004\070\004\075\004\075\004\076\004\065\000\040\004\076\004\061\004\103\004\107\004\065\004\075\004\070\004\065}{section.6.1}% 78
\BOOKMARK [1][-]{section.6.2}{\376\377\004\037\004\100\004\065\004\070\004\074\004\103\004\111\004\065\004\101\004\102\004\062\004\060\000\040\004\077\004\100\004\065\004\064\004\073\004\076\004\066\004\065\004\075\004\075\004\076\004\063\004\076\000\040\004\077\004\076\004\064\004\105\004\076\004\064\004\060}{chapter.6}% 79
\BOOKMARK [2][-]{subsection.6.2.1}{\376\377\004\030\004\075\004\102\004\065\004\100\004\077\004\100\004\065\004\102\004\070\004\100\004\103\004\065\004\074\004\076\004\101\004\102\004\114}{section.6.2}% 80
\BOOKMARK [2][-]{subsection.6.2.2}{\376\377\004\034\004\076\004\064\004\103\004\073\004\114\004\075\004\076\004\101\004\102\004\114}{section.6.2}% 81
\BOOKMARK [2][-]{subsection.6.2.3}{\376\377\004\034\004\060\004\101\004\110\004\102\004\060\004\061\004\070\004\100\004\103\004\065\004\074\004\076\004\101\004\102\004\114}{section.6.2}% 82
\BOOKMARK [1][-]{section.6.3}{\376\377\004\036\004\063\004\100\004\060\004\075\004\070\004\107\004\065\004\075\004\070\004\117}{chapter.6}% 83
\BOOKMARK [2][-]{subsection.6.3.1}{\376\377\004\027\004\060\004\062\004\070\004\101\004\070\004\074\004\076\004\101\004\102\004\114\000\040\004\076\004\102\000\040\004\072\004\060\004\107\004\065\004\101\004\102\004\062\004\060\000\040\004\062\004\105\004\076\004\064\004\075\004\113\004\105\000\040\004\064\004\060\004\075\004\075\004\113\004\105}{section.6.3}% 84
\BOOKMARK [2][-]{subsection.6.3.2}{\376\377\004\041\004\077\004\065\004\106\004\070\004\104\004\070\004\107\004\075\004\076\004\101\004\102\004\114\000\040\004\064\004\073\004\117\000\040\004\072\004\070\004\102\004\060\004\071\004\101\004\072\004\070\004\105\000\040\004\070\004\074\004\065\004\075}{section.6.3}% 85
\BOOKMARK [2][-]{subsection.6.3.3}{\376\377\004\022\004\113\004\107\004\070\004\101\004\073\004\070\004\102\004\065\004\073\004\114\004\075\004\113\004\065\000\040\004\076\004\063\004\100\004\060\004\075\004\070\004\107\004\065\004\075\004\070\004\117}{section.6.3}% 86
\BOOKMARK [1][-]{section.6.4}{\376\377\004\035\004\060\004\077\004\100\004\060\004\062\004\073\004\065\004\075\004\070\004\117\000\040\004\064\004\060\004\073\004\114\004\075\004\065\004\071\004\110\004\070\004\105\000\040\004\070\004\101\004\101\004\073\004\065\004\064\004\076\004\062\004\060\004\075\004\070\004\071}{chapter.6}% 87
\BOOKMARK [2][-]{subsection.6.4.1}{\376\377\004\040\004\060\004\101\004\110\004\070\004\100\004\065\004\075\004\070\004\065\000\040\004\075\004\060\000\040\004\064\004\100\004\103\004\063\004\070\004\065\000\040\004\117\004\067\004\113\004\072\004\070}{section.6.4}% 88
\BOOKMARK [2][-]{subsection.6.4.2}{\376\377\004\030\004\075\004\102\004\065\004\063\004\100\004\060\004\106\004\070\004\117\000\040\004\101\000\040\004\074\004\060\004\110\004\070\004\075\004\075\004\113\004\074\000\040\004\076\004\061\004\103\004\107\004\065\004\075\004\070\004\065\004\074}{section.6.4}% 89
\BOOKMARK [2][-]{subsection.6.4.3}{\376\377\004\037\004\100\004\070\004\074\004\065\004\075\004\065\004\075\004\070\004\065\000\040\004\062\000\040\004\101\004\074\004\065\004\066\004\075\004\113\004\105\000\040\004\067\004\060\004\064\004\060\004\107\004\060\004\105}{section.6.4}% 90
\BOOKMARK [1][-]{section.6.5}{\376\377\004\022\004\113\004\062\004\076\004\064\004\113}{chapter.6}% 91
\BOOKMARK [0][-]{chapter.7}{\376\377\004\027\004\060\004\072\004\073\004\116\004\107\004\065\004\075\004\070\004\065}{}% 92
\BOOKMARK [1][-]{section.7.1}{\376\377\004\036\004\101\004\075\004\076\004\062\004\075\004\113\004\065\000\040\004\100\004\065\004\067\004\103\004\073\004\114\004\102\004\060\004\102\004\113}{chapter.7}% 93
\BOOKMARK [1][-]{section.7.2}{\376\377\004\022\004\072\004\073\004\060\004\064\000\040\004\062\000\040\004\075\004\060\004\103\004\072\004\103}{chapter.7}% 94
\BOOKMARK [1][-]{section.7.3}{\376\377\004\037\004\100\004\060\004\072\004\102\004\070\004\107\004\065\004\101\004\072\004\060\004\117\000\040\004\067\004\075\004\060\004\107\004\070\004\074\004\076\004\101\004\102\004\114}{chapter.7}% 95
\BOOKMARK [1][-]{section.7.4}{\376\377\004\035\004\060\004\077\004\100\004\060\004\062\004\073\004\065\004\075\004\070\004\117\000\040\004\064\004\060\004\073\004\114\004\075\004\065\004\071\004\110\004\070\004\105\000\040\004\070\004\101\004\101\004\073\004\065\004\064\004\076\004\062\004\060\004\075\004\070\004\071}{chapter.7}% 96
\BOOKMARK [1][-]{section.7.5}{\376\377\004\027\004\060\004\072\004\073\004\116\004\107\004\070\004\102\004\065\004\073\004\114\004\075\004\113\004\065\000\040\004\067\004\060\004\074\004\065\004\107\004\060\004\075\004\070\004\117}{chapter.7}% 97
\BOOKMARK [0][-]{chapter.8}{\376\377\004\041\004\077\004\070\004\101\004\076\004\072\000\040\004\073\004\070\004\102\004\065\004\100\004\060\004\102\004\103\004\100\004\113}{}% 98
